// Jest Snapshot v1, https://jestjs.io/docs/snapshot-testing

exports[`Episodes renders Episodes and matches snapshot 1`] = `
<div>
  <section
    class="fixed mx-4 rounded-t-4xl bottom-0 bg-zinc-700 left-0 right-0 h-auto max-h-1/4 overflow-y-scroll border-t-4 border-zinc-900 "
  >
    <div
      class="md:flex md:justify-between md:gap-4 p-2"
    >
      <div
        class="w-full md:w-1/3"
      >
        <div
          class="px-4"
        >
          <h4
            class="text-2xl text-center"
          >
            Character 1 episodes
             
          </h4>
        </div>
      </div>
      <div
        class="w-full md:w-1/3"
      >
        <div
          class="px-4"
        >
          <h4
            class="text-2xl text-center"
          >
            Shared episodes
             
          </h4>
        </div>
      </div>
      <div
        class="w-full md:w-1/3"
      >
        <div
          class="px-4"
        >
          <h4
            class="text-2xl text-center"
          >
            Character 2 episodes
             
          </h4>
        </div>
      </div>
    </div>
  </section>
</div>
`;
